------------------------------------------------------------
TimeQuest Timing Analyzer Summary
------------------------------------------------------------

Type  : Slow 1200mV 85C Model Setup 'KEY[0]'
Slack : -13.796
TNS   : -521.365

Type  : Slow 1200mV 85C Model Setup 'CLOCK_50'
Slack : -8.225
TNS   : -1072.817

Type  : Slow 1200mV 85C Model Setup 'RateDivider:one|q[0]'
Slack : -3.187
TNS   : -78.017

Type  : Slow 1200mV 85C Model Setup 'VGA|mypll|altpll_component|pll|clk[0]'
Slack : 31.109
TNS   : 0.000

Type  : Slow 1200mV 85C Model Hold 'CLOCK_50'
Slack : -1.255
TNS   : -5.105

Type  : Slow 1200mV 85C Model Hold 'RateDivider:one|q[0]'
Slack : -0.467
TNS   : -9.663

Type  : Slow 1200mV 85C Model Hold 'VGA|mypll|altpll_component|pll|clk[0]'
Slack : 0.402
TNS   : 0.000

Type  : Slow 1200mV 85C Model Hold 'KEY[0]'
Slack : 0.404
TNS   : 0.000

Type  : Slow 1200mV 85C Model Minimum Pulse Width 'KEY[0]'
Slack : -3.000
TNS   : -92.950

Type  : Slow 1200mV 85C Model Minimum Pulse Width 'RateDivider:one|q[0]'
Slack : -1.285
TNS   : -119.505

Type  : Slow 1200mV 85C Model Minimum Pulse Width 'CLOCK_50'
Slack : 9.550
TNS   : 0.000

Type  : Slow 1200mV 85C Model Minimum Pulse Width 'VGA|mypll|altpll_component|pll|clk[0]'
Slack : 19.708
TNS   : 0.000

Type  : Slow 1200mV 0C Model Setup 'KEY[0]'
Slack : -12.439
TNS   : -468.918

Type  : Slow 1200mV 0C Model Setup 'CLOCK_50'
Slack : -7.378
TNS   : -965.460

Type  : Slow 1200mV 0C Model Setup 'RateDivider:one|q[0]'
Slack : -2.872
TNS   : -68.466

Type  : Slow 1200mV 0C Model Setup 'VGA|mypll|altpll_component|pll|clk[0]'
Slack : 31.900
TNS   : 0.000

Type  : Slow 1200mV 0C Model Hold 'CLOCK_50'
Slack : -1.110
TNS   : -4.467

Type  : Slow 1200mV 0C Model Hold 'RateDivider:one|q[0]'
Slack : -0.377
TNS   : -7.591

Type  : Slow 1200mV 0C Model Hold 'VGA|mypll|altpll_component|pll|clk[0]'
Slack : 0.353
TNS   : 0.000

Type  : Slow 1200mV 0C Model Hold 'KEY[0]'
Slack : 0.355
TNS   : 0.000

Type  : Slow 1200mV 0C Model Minimum Pulse Width 'KEY[0]'
Slack : -3.000
TNS   : -92.950

Type  : Slow 1200mV 0C Model Minimum Pulse Width 'RateDivider:one|q[0]'
Slack : -1.285
TNS   : -119.505

Type  : Slow 1200mV 0C Model Minimum Pulse Width 'CLOCK_50'
Slack : 9.552
TNS   : 0.000

Type  : Slow 1200mV 0C Model Minimum Pulse Width 'VGA|mypll|altpll_component|pll|clk[0]'
Slack : 19.710
TNS   : 0.000

Type  : Fast 1200mV 0C Model Setup 'KEY[0]'
Slack : -6.659
TNS   : -230.308

Type  : Fast 1200mV 0C Model Setup 'CLOCK_50'
Slack : -3.864
TNS   : -414.318

Type  : Fast 1200mV 0C Model Setup 'RateDivider:one|q[0]'
Slack : -1.209
TNS   : -34.257

Type  : Fast 1200mV 0C Model Setup 'VGA|mypll|altpll_component|pll|clk[0]'
Slack : 35.488
TNS   : 0.000

Type  : Fast 1200mV 0C Model Hold 'CLOCK_50'
Slack : -0.197
TNS   : -0.788

Type  : Fast 1200mV 0C Model Hold 'RateDivider:one|q[0]'
Slack : 0.180
TNS   : 0.000

Type  : Fast 1200mV 0C Model Hold 'VGA|mypll|altpll_component|pll|clk[0]'
Slack : 0.181
TNS   : 0.000

Type  : Fast 1200mV 0C Model Hold 'KEY[0]'
Slack : 0.183
TNS   : 0.000

Type  : Fast 1200mV 0C Model Minimum Pulse Width 'KEY[0]'
Slack : -3.000
TNS   : -84.722

Type  : Fast 1200mV 0C Model Minimum Pulse Width 'RateDivider:one|q[0]'
Slack : -1.000
TNS   : -93.000

Type  : Fast 1200mV 0C Model Minimum Pulse Width 'CLOCK_50'
Slack : 9.200
TNS   : 0.000

Type  : Fast 1200mV 0C Model Minimum Pulse Width 'VGA|mypll|altpll_component|pll|clk[0]'
Slack : 19.754
TNS   : 0.000

------------------------------------------------------------
